[rmc_tests::test_sum.assertion.1] line 27 assertion: p.sum() == a.wrapping_add(b): SUCCESS
